// Jest Snapshot v1, https://goo.gl/fbAQLP

exports[`Alert Componenent  should render text 1`] = `
<Text
  accessible={true}
  allowFontScaling={true}
  ellipsizeMode="tail"
>
  my message
</Text>
`;
