// Jest Snapshot v1, https://goo.gl/fbAQLP

exports[`Icon Componenent  should render component 1`] = `
<Icon
  allowFontScaling={false}
  name="alert"
  size={20}
/>
`;
